// Jest Snapshot v1, https://goo.gl/fbAQLP

exports[`matches snapshot 1`] = `
<div class="back-modal">
  <div class="add-modal container py-3 d-flex justify-content-center"></div>
</div>
`;
